Active_gNBs = ( "oai-gnb-00");
# Asn1_verbosity, choice in: none, info, annoying
Asn1_verbosity = "none";
gNBs =
(
 {
    ////////// Identification parameters:
    gNB_ID    =  0xe00;
    gNB_name  =  "oai-gnb-00";
    // Tracking area code, 0x0000 and 0xfffe are reserved values
    tracking_area_code  = 1 ;
    plmn_list = ({ mcc = 001; mnc = 01; mnc_length = 2; snssaiList = ({ sst = 1}) });

    nr_cellid = 1;

    ////////// Physical parameters:
    pdsch_AntennaPorts_XP = 2;
    pdsch_AntennaPorts_N1 = 2;
    maxMIMO_layers        = 4;
    pusch_AntennaPorts    = 4;
    do_CSIRS              = 1;
    do_SRS                = "none";
    sib1_tda                            = 15;

    servingCellConfigCommon = (
    {
 #spCellConfigCommon
      physCellId                                                    = 0;
     # n_TimingAdvanceOffset                                         = 0;
#  downlinkConfigCommon
    #frequencyInfoDL
      # center frequency = 3350.01 MHz
      # selected SSB frequency = 3349.92 MHz
      absoluteFrequencySSB                                          = 649920;
      dl_frequencyBand                                              = 78;
      # frequency point A = 3700.86 MHz
      dl_absoluteFrequencyPointA                                    = 646724;
      #scs-SpecificCarrierList
        dl_offstToCarrier                                           = 0;
# subcarrierSpacing
# 0=kHz15, 1=kHz30, 2=kHz60, 3=kHz120
        dl_subcarrierSpacing                                        = 1;
        dl_carrierBandwidth                                         = 273;
     #initialDownlinkBWP
      #genericParameters
       initialDLBWPlocationAndBandwidth                             = 1099; #38.101-1 Table 5.3.2-1
       #
# subcarrierSpacing
# 0=kHz15, 1=kHz30, 2=kHz60, 3=kHz120
        initialDLBWPsubcarrierSpacing                               = 1;
      #pdcch-ConfigCommon
        initialDLBWPcontrolResourceSetZero                          = 10;
        initialDLBWPsearchSpaceZero                                 = 0;
  #uplinkConfigCommon
     #frequencyInfoUL
      ul_frequencyBand                                              = 78;
      #scs-SpecificCarrierList
      ul_offstToCarrier                                             = 0;
# subcarrierSpacing
# 0=kHz15, 1=kHz30, 2=kHz60, 3=kHz120
      ul_subcarrierSpacing                                          = 1;
      ul_carrierBandwidth                                           = 273;
      pMax                                                          = 23;
     #initialUplinkBWP
      #genericParameters
        initialULBWPlocationAndBandwidth                            = 1099;
# subcarrierSpacing
# 0=kHz15, 1=kHz30, 2=kHz60, 3=kHz120
        initialULBWPsubcarrierSpacing                               = 1;
      #rach-ConfigCommon
        #rach-ConfigGeneric
          prach_ConfigurationIndex                                  = 159;
#prach_msg1_FDM
#0 = one, 1=two, 2=four, 3=eight
          prach_msg1_FDM                                            = 0;
          prach_msg1_FrequencyStart                                 = 22;
          zeroCorrelationZoneConfig                                 = 15;
          preambleReceivedTargetPower                               = -104;
#preamblTransMax (0...10) = (3,4,5,6,7,8,10,20,50,100,200)
          preambleTransMax                                          = 7;
#powerRampingStep
# 0=dB0,1=dB2,2=dB4,3=dB6
        powerRampingStep                                            = 2;
#ra_ReponseWindow
#1,2,4,8,10,20,40,80
        ra_ResponseWindow                                           = 5;
#ssb_perRACH_OccasionAndCB_PreamblesPerSSB_PR
#1=oneeighth,2=onefourth,3=half,4=one,5=two,6=four,7=eight,8=sixteen
        ssb_perRACH_OccasionAndCB_PreamblesPerSSB_PR                = 4;
#one (0..15) 4,8,12,16,...60,64
        ssb_perRACH_OccasionAndCB_PreamblesPerSSB                   = 15;
#ra_ContentionResolutionTimer
#(0..7) 8,16,24,32,40,48,56,64
        ra_ContentionResolutionTimer                                = 7;
        rsrp_ThresholdSSB                                           = 19;
#prach-RootSequenceIndex_PR
#1 = 839, 2 = 139
        prach_RootSequenceIndex_PR                                  = 2;
        prach_RootSequenceIndex                                     = 1;
        # SCS for msg1, can only be 15 for 30 kHz < 6 GHz, takes precendence over the one derived from prach-ConfigIndex
        #
        msg1_SubcarrierSpacing                                      = 1,
# restrictedSetConfig
# 0=unrestricted, 1=restricted type A, 2=restricted type B
        restrictedSetConfig                                         = 0,
        msg3_DeltaPreamble                                          = 2;
        p0_NominalWithGrant                                         = -96;
# pucch-ConfigCommon setup :
# pucchGroupHopping
# 0 = neither, 1= group hopping, 2=sequence hopping
        pucchGroupHopping                                           = 0;
        hoppingId                                                   = 0;
        p0_nominal                                                  = -96;
      ssb_PositionsInBurst_Bitmap                                   = 0x1;
# ssb_periodicityServingCell
# 0 = ms5, 1=ms10, 2=ms20, 3=ms40, 4=ms80, 5=ms160, 6=spare2, 7=spare1
      ssb_periodicityServingCell                                    = 2;
# dmrs_TypeA_position
# 0 = pos2, 1 = pos3
      dmrs_TypeA_Position                                           = 0;
# subcarrierSpacing
# 0=kHz15, 1=kHz30, 2=kHz60, 3=kHz120
      subcarrierSpacing                                             = 1;
  #tdd-UL-DL-ConfigurationCommon
# subcarrierSpacing
# 0=kHz15, 1=kHz30, 2=kHz60, 3=kHz120
      referenceSubcarrierSpacing                                    = 1;
      # pattern1
      # dl_UL_TransmissionPeriodicity
      # 0=ms0p5, 1=ms0p625, 2=ms1, 3=ms1p25, 4=ms2, 5=ms2p5, 6=ms5, 7=ms10
      dl_UL_TransmissionPeriodicity                                 = 5;
      nrofDownlinkSlots                                             = 3;
      nrofDownlinkSymbols                                           = 6;
      nrofUplinkSlots                                               = 1;
      nrofUplinkSymbols                                             = 4;
      ssPBCH_BlockPower                                             = 0;
  }
  );
    # ------- SCTP definitions
    SCTP :
    {
        # Number of streams to use in input/output
        SCTP_INSTREAMS  = 2;
        SCTP_OUTSTREAMS = 2;
    };

        ////////// AMF parameters:
    amf_ip_address = (
      {
        ipv4 = "192.168.8.26";
        active = "yes";
        preference = "ipv4";
      }
    );

    NETWORK_INTERFACES :
    {
        GNB_IPV4_ADDRESS_FOR_NG_AMF              = "192.168.8.199";
        GNB_IPV4_ADDRESS_FOR_NGU                 = "192.168.8.199";
        GNB_PORT_FOR_S1U                         = 2152; # Spec 2152
    };
  }
);

MACRLCs = (
  {
  num_cc = 1;
  remote_s_address = "10.21.8.100"; // pnf addr [!]
  local_s_address  = "10.21.8.99"; // vnf addr
  local_s_portc    = 50005; // vnf p5 port
  remote_s_portc   = 50000; // pnf p5 port [!]
  local_s_portd    = 50011; // vnf p7 port [  !]
  remote_s_portd   = 50010; // pnf p7 port [!]
  tr_s_preference = "nfapi";
  tr_n_preference = "local_RRC";
  pusch_TargetSNRx10          = 200;
  pucch_TargetSNRx10          = 200;
  dl_bler_target_upper        = .35;
  dl_bler_target_lower        = .15;
  ul_bler_target_upper        = .35;
  ul_bler_target_lower        = .15;
  pusch_FailureThres          = 1000;
  dl_min_mcs                  = 24;
  }
)


L1s = (
{
  num_cc = 1;
  tr_n_preference = "local_mac";
  prach_dtx_threshold = 130;
  pucch0_dtx_threshold = 80;
  pusch_dtx_threshold = 10;
  max_ldpc_iterations = 15;
  tx_amp_backoff_dB = 12; # needs to match O-RU configuration
  L1_rx_thread_core = 10;
  L1_tx_thread_core = 11; # relevant after merge of l1_tx_thread
  phase_compensation = 0; # needs to match O-RU configuration
}
);

RUs = (
{
  local_rf       = "no";
  nb_tx          = 4;
  nb_rx          = 4;
  att_tx         = 0;
  att_rx         = 0;
  bands          = [78];
  max_pdschReferenceSignalPower = -27;
  max_rxgain                    = 75;
  sf_extension                  = 0;
  eNB_instances  = [0];
  ru_thread_core = 13;
  sl_ahead       = 6;
  tr_preference  = "raw_if4p5"; # important: activate FHI7.2
  do_precoding   = 0; # needs to match O-RU configuration
}
);

security = {
  # preferred ciphering algorithms
  # the first one of the list that an UE supports in chosen
  # valid values: nea0, nea1, nea2, nea3
  ciphering_algorithms = ( "nea0" );

  # preferred integrity algorithms
  # the first one of the list that an UE supports in chosen
  # valid values: nia0, nia1, nia2, nia3
  integrity_algorithms = ( "nia2", "nia0" );

  # setting 'drb_ciphering' to "no" disables ciphering for DRBs, no matter
  # what 'ciphering_algorithms' configures; same thing for 'drb_integrity'
  drb_ciphering = "yes";
  drb_integrity = "no";
};

log_config :
{
  global_log_level                      ="info";
  hw_log_level                          ="info";
  phy_log_level                         ="info";
  mac_log_level                         ="info";
  rlc_log_level                         ="info";
  pdcp_log_level                        ="info";
  rrc_log_level                         ="info";
  ngap_log_level                        ="debug";
  f1ap_log_level                        ="debug";
}
CMDLINE: "/opt/oai-gnb/bin/nr-softmodem" "-O" "/tmp/du.conf" "--nfapi" "VNF" "--log_config.global_log_options" "level,nocolor,time" 
397162.965964 [UTIL]   I running in SA mode (no --phy-test, --do-ra, --nsa option present)
397163.966365 [OPT]    I OPT disabled
397163.966400 [HW]     I Version: Branch: HEAD Abrev. Hash: 8fc8c91f Date: Sun Jun 28 23:58:04 2026 +0800
397163.966428 [GNB_APP] I Initialized RAN Context: RC.nb_nr_inst = 1, RC.nb_nr_macrlc_inst = 1, RC.nb_nr_L1_inst = 1, RC.nb_RU = 1, RC.nb_nr_CC[0] = 1
397163.966442 [NR_PHY] I Initializing gNB RAN context: RC.nb_nr_L1_inst = 1 
397163.966923 [NR_PHY] I Registered with MAC interface module (0x55a4dea05790)
397163.966941 [NR_PHY] I Initializing NR L1: RC.nb_nr_L1_inst = 1
397163.967050 [NR_PHY] I thread cores for L1_RX 10 L1_TX 11
397163.967066 [NR_PHY] I TX_AMP = 8230 (-12 dBFS)
397163.967078 [PHY]    I No prs_config configuration found..!!
397163.967344 [GNB_APP] I pdsch_AntennaPorts N1 2 N2 1 XP 2 pusch_AntennaPorts 4
397163.967394 [GNB_APP] I minTXRXTIME 2
397163.967405 [GNB_APP] I CSI-RS 1, SRS none, report type 0 (ssb_rsrp), 256 QAM may be on, delta_MCS off, maxMIMO_Layers 4, HARQ feedback enabled, num DLHARQ:16, num ULHARQ:16
397163.967418 [GNB_APP] I No RedCap configuration found
397163.967430 [GNB_APP] I No PTRS configuration found
397163.967448 [GNB_APP] I sr_ProhibitTimer 0, sr_TransMax 64, sr_ProhibitTimer_v1700 0, t300 400, t301 400, t310 2000, n310 10, t311 3000, n311 1, t319 400
397163.967460 [NR_MAC] I Candidates per PDCCH aggregation level on UESS: L1: 0, L2: 2, L4: 0, L8: 0, L16: 0
397163.967746 [RRC]    I Read in ServingCellConfigCommon (PhysCellId 0, ABSFREQSSB 649920, DLBand 78, ABSFREQPOINTA 646724, DLBW 273,RACH_TargetReceivedPower -104
397163.967760 [NR_MAC] I Computing frequency (nrarfcn 649920 => 3748800 KHz, NR band 78
397163.967770 [RRC]    I absoluteFrequencySSB 649920 corresponds to 3748800000 Hz
397163.967781 [NR_MAC] I Computing frequency (nrarfcn 646724 => 3700860 KHz, NR band 78
397163.967818 [NR_MAC] I PUSCH Target 200 RSSI thresh 0 Failure 1000, PUCCH Target 200 RSSI thresh 0 Failure 10
397163.967901 [UTIL]   I threadCreate() for MAC_STATS: creating thread with affinity ffffffff, priority 2
397163.973656 [NR_PHY] I Copying 0 blacklisted PRB to L1 context
397163.974253 [NR_MAC] I Computing frequency (nrarfcn 646724 => 3700860 KHz, NR band 78
397163.974269 [NR_MAC] I Computing frequency (nrarfcn 646724 => 3700860 KHz, NR band 78
397163.974280 [NR_MAC] I Set TX antenna number to 4, Set RX antenna number to 4 (num ssb 1: 80000000,0)
397163.974291 [NR_MAC] I TDD period index = 5, based on the sum of dl_UL_TransmissionPeriodicity from Pattern1 (2.500000 ms) and Pattern2 (0.000000 ms): Total = 2.500000 ms
397163.974302 [NR_MAC] I Set TDD configuration period to: 4 DL slots, 2 UL slots, 5 slots per period (NR_TDD_UL_DL_Pattern is 3 DL slots, 1 UL slots, 6 DL symbols, 4 UL symbols)
397163.974311 [NR_MAC] I Configured 1 TDD patterns (total slots: pattern1 = 5, pattern2 = 0)
397163.974322 [NR_PHY] I Set TDD Period Configuration: 4 periods per frame, 20 slots to be configured (4 DL, 2 UL)
397163.974342 [NR_PHY] I TDD period configuration: slot 0 is DOWNLINK
397163.974351 [NR_PHY] I TDD period configuration: slot 1 is DOWNLINK
397163.974360 [NR_PHY] I TDD period configuration: slot 2 is DOWNLINK
397163.974368 [NR_PHY] I TDD period configuration: slot 3 is FLEXIBLE: DDDDDDFFFFUUUU
397163.974375 [NR_PHY] I TDD period configuration: slot 4 is UPLINK
397163.974409 [NR_MAC] I Command line parameters for OAI UE: -C 3750000000 -r 273 --numerology 1 --band 78 --ssb 1478 
397163.974427 [NR_MAC] I TDD period index = 5, based on the sum of dl_UL_TransmissionPeriodicity from Pattern1 (2.500000 ms) and Pattern2 (0.000000 ms): Total = 2.500000 ms
397163.974439 [NR_MAC] I TDA index 0: start 0 length 13 k2 2
397163.974448 [NR_MAC] I TDA index 1: start 10 length 3 k2 2
397163.974636 [NR_RRC] I SIB1 freq: offsetToPointA 246
397163.974713 [GNB_APP] I F1AP: gNB idx 0 gNB_DU_id 3584, gNB_DU_name oai-gnb-00, TAC 1 MCC/MNC/length 1/1/2 cellID 1
397163.974725 [GNB_APP] I ngran_DU: Configuring Cell 0 for TDD
397163.974766 [GNB_APP] I Configured DU: cell ID 1, PCI 0
397163.974917 [GNB_APP] I gNB 0: neighbour_list has 0 serving cell(s)
397163.975246 [GNB_APP] I SDAP layer is enabled
397163.975275 [GNB_APP] I gNB 0 SIB2 config: q_Hyst=0 dB, cellReselPrio=0, q_RxLevMin=-56 dBm, t_ReselectionNR=1 s
397163.982786 [GNB_APP] I Parsed IPv4 address for NG AMF: 192.168.8.199
397163.982812 [UTIL]   I threadCreate() for TASK_SCTP: creating thread with affinity ffffffff, priority 50
397163.985339 [X2AP]   I X2AP is disabled.
397163.985381 [UTIL]   I threadCreate() for TASK_NGAP: creating thread with affinity ffffffff, priority 50
397163.987983 [NGAP]   D Starting NGAP layer
397163.988061 [NGAP]   I Registered new gNB[0] and macro gNB id 3584
397163.988064 [NGAP]   I [gNB 0] check the amf registration state
397163.988119 [UTIL]   I threadCreate() for TASK_RRC_GNB: creating thread with affinity ffffffff, priority 50
397163.988746 [NGAP]   A Send NGSetupRequest to AMF
397163.988748 [NGAP]   I 3584 -> 0000e000
397163.990957 [NR_RRC] I Entering main loop of NR_RRC message task
397163.991060 [GTPU]   I Configuring GTPu
397163.991089 [GTPU]   I SA mode 
397163.991103 [GTPU]   I Configuring GTPu address : 192.168.8.199, port : 2152
397163.991114 [GTPU]   I Initializing UDP for local address 192.168.8.199 with port 2152
397163.991139 [GTPU]   I Created gtpu instance id: 82
397163.991154 [UTIL]   I threadCreate() for GTPrx_82: creating thread with affinity ffffffff, priority 50
397163.993755 [NR_RRC] I Accepting new CU-UP ID 3584 name oai-gnb-00 (assoc_id -1)
397163.993780 [UTIL]   I threadCreate() for TASK_GNB_APP: creating thread with affinity ffffffff, priority 50
397163.995662 [NGAP]   D Served GUAMIs for AMF open5gs-amf0 (assoc_id=1413):
397163.995665 [NGAP]   D  GUAMI:
397163.995667 [NGAP]   D    PLMN: MCC=001, MNC=01
397163.995668 [NGAP]   D    AMF Region ID: 2
397163.995669 [NGAP]   D    AMF Set ID: 1
397163.995670 [NGAP]   D    AMF Pointer: 0
397163.995671 [NGAP]   I Supported PLMN 0: MCC=001 MNC=01
397163.995672 [NGAP]   I Supported slice (PLMN 0): SST=0x01 SD=000
397163.995673 [NGAP]   I Supported slice (PLMN 0): SST=0x01 SD=123
397163.995675 [ITTI]   W tried to remove a non existing timer
397163.995677 [NGAP]   I reconnected to AMF
397163.995679 [NGAP]   A Received NGSetupResponse from AMF
397163.996497 [GNB_APP] I [gNB 0] Received NGAP_REGISTER_GNB_CNF: associated AMF 1
397163.996509 [NR_RRC] I Received F1 Setup Request from gNB_DU 3584 (oai-gnb-00) on assoc_id -1
397163.996517 [NR_RRC] I Accepting DU 3584 (oai-gnb-00) (RRC version 17.3.0)
397163.996580 [NR_RRC] I Added cell 1 to DU cells array (total cells = 1)
397163.996586 [NR_RRC] I DU 3584: Added cell 1
397163.996588 [NR_RRC] I DU 3584 (oai-gnb-00): sending F1 Setup Response
397163.996590 [MAC]    I received F1 Setup Response from CU (null)
397163.996592 [MAC]    I CU uses RRC version 17.3.0
397163.996597 [MAC]    I Clearing the DU's UE states before, if any.
397163.996606 [NR_RRC] I cell PLMN 001.01 Cell ID 1 is in service
397163.996608 [MAC]    I received gNB-DU configuration update acknowledge
397163.996627 [UTIL]   I threadCreate() for TASK_GTPV1_U: creating thread with affinity ffffffff, priority 50
397164.000216 [UTIL]   I threadCreate() for time source realtime: creating thread with affinity ffffffff, priority 2
397164.002815 [UTIL]   I time manager configuration: [time source: reatime] [mode: standalone] [server IP: 127.0.0.1} [server port: 7374] (server IP/port not used)
397164.279546 [UTIL]   I threadCreate() for vnf_p7_thread: creating thread with affinity e, priority 50
397164.282027 [UTIL]   I threadCreate() for vnf_p7_thread: creating thread with affinity e, priority 50
397164.284576 [UTIL]   I threadCreate() for vnf_timing: creating thread with affinity f, priority 97
397164.288217 [UTIL]   E Error in pthread_setname_np() for vnf_p7_thread: ret: 2, errno: 2
397175.855698 [NFAPI_VNF] I Starting VNF autonomous timing thread: mu = 1, slot duration = 500 us
397177.124580 [NR_MAC] I Frame.Slot 128.0

397178.404995 [NR_MAC] I Frame.Slot 256.0

397179.685472 [NR_MAC] I Frame.Slot 384.0

397180.966457 [NR_MAC] I Frame.Slot 512.0

397182.246952 [NR_MAC] I Frame.Slot 640.0

397183.526952 [NR_MAC] I Frame.Slot 768.0

397184.806952 [NR_MAC] I Frame.Slot 896.0

397186.086953 [NR_MAC] I Frame.Slot 0.0

397187.366952 [NR_MAC] I Frame.Slot 128.0

397188.646953 [NR_MAC] I Frame.Slot 256.0

397189.926953 [NR_MAC] I Frame.Slot 384.0

397191.206952 [NR_MAC] I Frame.Slot 512.0

397192.486952 [NR_MAC] I Frame.Slot 640.0

397193.766952 [NR_MAC] I Frame.Slot 768.0

397195.046952 [NR_MAC] I Frame.Slot 896.0

397196.326952 [NR_MAC] I Frame.Slot 0.0

397197.606952 [NR_MAC] I Frame.Slot 128.0

397198.886953 [NR_MAC] I Frame.Slot 256.0

397200.166953 [NR_MAC] I Frame.Slot 384.0

397201.446952 [NR_MAC] I Frame.Slot 512.0

397202.726952 [NR_MAC] I Frame.Slot 640.0

397204.006953 [NR_MAC] I Frame.Slot 768.0

397205.286952 [NR_MAC] I Frame.Slot 896.0

397206.566952 [NR_MAC] I Frame.Slot 0.0

397207.846952 [NR_MAC] I Frame.Slot 128.0

397209.126952 [NR_MAC] I Frame.Slot 256.0

397210.406952 [NR_MAC] I Frame.Slot 384.0

397211.686952 [NR_MAC] I Frame.Slot 512.0

397212.966953 [NR_MAC] I Frame.Slot 640.0

397213.731468 [NR_MAC] A 715.19 UE RA-RNTI 010b TC-RNTI 5ef2: initiating RA procedure
397213.731475 [NR_MAC] I UE 5ef2: Sync beam index 0
397213.733454 [NR_MAC] I UE 5ef2: Msg3 scheduled at 716.18 (716.13 TDA 1) start 0 RBs 8
397213.733460 [NR_MAC] A UE 5ef2: 716.13 Generating RA-Msg2 DCI, RA RNTI 0x10b, state 1, preamble_index(RAPID) 52, timing_offset = 48 (estimated distance 1875.1 [m])
397213.742452 [NR_MAC] I  71711: RA RNTI 5ef2 CC_id 0 Scheduling retransmission of Msg3 in (717,13)
397213.749952 [NR_MAC] I  718 6: RA RNTI 5ef2 CC_id 0 Scheduling retransmission of Msg3 in (718,8)
397213.750977 [NR_MAC] A 717.19 UE RA-RNTI 010b TC-RNTI 155c: initiating RA procedure
397213.750982 [NR_MAC] I UE 155c: Sync beam index 0
397213.753452 [NR_MAC] I UE 155c: Msg3 scheduled at 718.18 (718.13 TDA 1) start 0 RBs 8
397213.753457 [NR_MAC] A UE 155c: 718.13 Generating RA-Msg2 DCI, RA RNTI 0x10b, state 1, preamble_index(RAPID) 38, timing_offset = 9 (estimated distance 351.6 [m])
397213.757452 [NR_MAC] I  719 1: RA RNTI 5ef2 CC_id 0 Scheduling retransmission of Msg3 in (719,3)
397213.762451 [NR_MAC] I  71911: RA RNTI 155c CC_id 0 Scheduling retransmission of Msg3 in (719,13)
397213.762976 [NR_MAC] W UE 5ef2 RA failed at state WAIT_Msg3 (Reached msg3 max harq rounds)
397213.762984 [NR_MAC] I Remove NR rnti 0x5ef2
397213.769953 [NR_MAC] I  720 6: RA RNTI 155c CC_id 0 Scheduling retransmission of Msg3 in (720,8)
397213.770978 [NR_MAC] A 719.19 UE RA-RNTI 010b TC-RNTI 312e: initiating RA procedure
397213.770983 [NR_MAC] I UE 312e: Sync beam index 0
397213.773453 [NR_MAC] I UE 312e: Msg3 scheduled at 720.18 (720.13 TDA 1) start 0 RBs 8
397213.773458 [NR_MAC] A UE 312e: 720.13 Generating RA-Msg2 DCI, RA RNTI 0x10b, state 1, preamble_index(RAPID) 26, timing_offset = 35 (estimated distance 1367.2 [m])
397213.777452 [NR_MAC] I  721 1: RA RNTI 155c CC_id 0 Scheduling retransmission of Msg3 in (721,3)
397213.782452 [NR_MAC] I  72111: RA RNTI 312e CC_id 0 Scheduling retransmission of Msg3 in (721,13)
397213.782965 [NR_MAC] W UE 155c RA failed at state WAIT_Msg3 (Reached msg3 max harq rounds)
397213.782971 [NR_MAC] I Remove NR rnti 0x155c
397213.789952 [NR_MAC] I  722 6: RA RNTI 312e CC_id 0 Scheduling retransmission of Msg3 in (722,8)
397213.797452 [NR_MAC] I  723 1: RA RNTI 312e CC_id 0 Scheduling retransmission of Msg3 in (723,3)
397213.802965 [NR_MAC] W UE 312e RA failed at state WAIT_Msg3 (Reached msg3 max harq rounds)
397213.802972 [NR_MAC] I Remove NR rnti 0x312e
397213.871467 [NR_MAC] A 729.19 UE RA-RNTI 010b TC-RNTI 97b9: initiating RA procedure
397213.871473 [NR_MAC] I UE 97b9: Sync beam index 0
397213.873453 [NR_MAC] I UE 97b9: Msg3 scheduled at 730.18 (730.13 TDA 1) start 0 RBs 8
397213.873458 [NR_MAC] A UE 97b9: 730.13 Generating RA-Msg2 DCI, RA RNTI 0x10b, state 1, preamble_index(RAPID) 22, timing_offset = 9 (estimated distance 351.6 [m])
397213.882452 [NR_MAC] I  73111: RA RNTI 97b9 CC_id 0 Scheduling retransmission of Msg3 in (731,13)
397213.889952 [NR_MAC] I  732 6: RA RNTI 97b9 CC_id 0 Scheduling retransmission of Msg3 in (732,8)
397213.890978 [NR_MAC] A 731.19 UE RA-RNTI 010b TC-RNTI 4953: initiating RA procedure
397213.890984 [NR_MAC] I UE 4953: Sync beam index 0
397213.893453 [NR_MAC] I UE 4953: Msg3 scheduled at 732.18 (732.13 TDA 1) start 0 RBs 8
397213.893459 [NR_MAC] A UE 4953: 732.13 Generating RA-Msg2 DCI, RA RNTI 0x10b, state 1, preamble_index(RAPID) 5, timing_offset = 2 (estimated distance 78.1 [m])
397213.897452 [NR_MAC] I  733 1: RA RNTI 97b9 CC_id 0 Scheduling retransmission of Msg3 in (733,3)
397213.902453 [NR_MAC] I  73311: RA RNTI 4953 CC_id 0 Scheduling retransmission of Msg3 in (733,13)
397213.902965 [NR_MAC] W UE 97b9 RA failed at state WAIT_Msg3 (Reached msg3 max harq rounds)
397213.902971 [NR_MAC] I Remove NR rnti 0x97b9
397213.909953 [NR_MAC] I  734 6: RA RNTI 4953 CC_id 0 Scheduling retransmission of Msg3 in (734,8)
397213.917453 [NR_MAC] I  735 1: RA RNTI 4953 CC_id 0 Scheduling retransmission of Msg3 in (735,3)
397213.922965 [NR_MAC] W UE 4953 RA failed at state WAIT_Msg3 (Reached msg3 max harq rounds)
397213.922971 [NR_MAC] I Remove NR rnti 0x4953
397213.990966 [NR_MAC] A 741.19 UE RA-RNTI 010b TC-RNTI 0a39: initiating RA procedure
397213.990971 [NR_MAC] I UE 0a39: Sync beam index 0
397213.993453 [NR_MAC] I UE 0a39: Msg3 scheduled at 742.18 (742.13 TDA 1) start 0 RBs 8
397213.993458 [NR_MAC] A UE 0a39: 742.13 Generating RA-Msg2 DCI, RA RNTI 0x10b, state 1, preamble_index(RAPID) 52, timing_offset = 16 (estimated distance 625.0 [m])
397214.002452 [NR_MAC] I  74311: RA RNTI 0a39 CC_id 0 Scheduling retransmission of Msg3 in (743,13)
397214.009952 [NR_MAC] I  744 6: RA RNTI 0a39 CC_id 0 Scheduling retransmission of Msg3 in (744,8)
397214.010977 [NR_MAC] A 743.19 UE RA-RNTI 010b TC-RNTI d152: initiating RA procedure
397214.010983 [NR_MAC] I UE d152: Sync beam index 0
397214.013453 [NR_MAC] I UE d152: Msg3 scheduled at 744.18 (744.13 TDA 1) start 0 RBs 8
397214.013458 [NR_MAC] A UE d152: 744.13 Generating RA-Msg2 DCI, RA RNTI 0x10b, state 1, preamble_index(RAPID) 52, timing_offset = 1 (estimated distance 39.1 [m])
397214.017453 [NR_MAC] I  745 1: RA RNTI 0a39 CC_id 0 Scheduling retransmission of Msg3 in (745,3)
397214.022452 [NR_MAC] I  74511: RA RNTI d152 CC_id 0 Scheduling retransmission of Msg3 in (745,13)
397214.022965 [NR_MAC] W UE 0a39 RA failed at state WAIT_Msg3 (Reached msg3 max harq rounds)
397214.022969 [NR_MAC] I Remove NR rnti 0x0a39
397214.029953 [NR_MAC] I  746 6: RA RNTI d152 CC_id 0 Scheduling retransmission of Msg3 in (746,8)
397214.030977 [NR_MAC] A 745.19 UE RA-RNTI 010b TC-RNTI 8a37: initiating RA procedure
397214.030983 [NR_MAC] I UE 8a37: Sync beam index 0
397214.033453 [NR_MAC] I UE 8a37: Msg3 scheduled at 746.18 (746.13 TDA 1) start 0 RBs 8
397214.033458 [NR_MAC] A UE 8a37: 746.13 Generating RA-Msg2 DCI, RA RNTI 0x10b, state 1, preamble_index(RAPID) 60, timing_offset = 3 (estimated distance 117.2 [m])
397214.037452 [NR_MAC] I  747 1: RA RNTI d152 CC_id 0 Scheduling retransmission of Msg3 in (747,3)
397214.042453 [NR_MAC] I  74711: RA RNTI 8a37 CC_id 0 Scheduling retransmission of Msg3 in (747,13)
397214.042965 [NR_MAC] W UE d152 RA failed at state WAIT_Msg3 (Reached msg3 max harq rounds)
397214.042971 [NR_MAC] I Remove NR rnti 0xd152
397214.049952 [NR_MAC] I  748 6: RA RNTI 8a37 CC_id 0 Scheduling retransmission of Msg3 in (748,8)
397214.057452 [NR_MAC] I  749 1: RA RNTI 8a37 CC_id 0 Scheduling retransmission of Msg3 in (749,3)
397214.062964 [NR_MAC] W UE 8a37 RA failed at state WAIT_Msg3 (Reached msg3 max harq rounds)
397214.062970 [NR_MAC] I Remove NR rnti 0x8a37
397214.246952 [NR_MAC] I Frame.Slot 768.0

397215.526952 [NR_MAC] I Frame.Slot 896.0

397216.806953 [NR_MAC] I Frame.Slot 0.0

397218.086952 [NR_MAC] I Frame.Slot 128.0

397219.366952 [NR_MAC] I Frame.Slot 256.0

397220.646952 [NR_MAC] I Frame.Slot 384.0

397221.926952 [NR_MAC] I Frame.Slot 512.0

397223.206952 [NR_MAC] I Frame.Slot 640.0

397224.191465 [NR_MAC] A 737.19 UE RA-RNTI 010b TC-RNTI c306: initiating RA procedure
397224.191472 [NR_MAC] I UE c306: Sync beam index 0
397224.193453 [NR_MAC] I UE c306: Msg3 scheduled at 738.18 (738.13 TDA 1) start 0 RBs 8
397224.193458 [NR_MAC] A UE c306: 738.13 Generating RA-Msg2 DCI, RA RNTI 0x10b, state 1, preamble_index(RAPID) 0, timing_offset = 0 (estimated distance 0.0 [m])
397224.200465 [NR_MAC] A  738.18 PUSCH with TC_RNTI 0xc306 received correctly
397224.200473 [MAC]    I [RAPROC] Received SDU for CCCH length 6 for UE c306
397224.200478 [RLC]    I Activated srb0 for UE 49926
397224.200488 [NR_RRC] I SRS configured with 1 ports
397224.200511 [RLC]    I Added srb 1 to UE 49926
397224.200613 [NR_MAC] I Activating scheduling Msg4 for TC_RNTI 0xc306 (state WAIT_Msg3)
397224.200620 [NR_RRC] I Decoding CCCH: RNTI c306, payload_size 6
397224.200636 [NR_RRC] A [--] (cellID 0, UE ID 1 RNTI c306) Create UE context: CU UE ID 1 DU UE ID 49926 (rnti: c306, random ue id c4ad905f2d000000)
397224.200646 [NR_RRC] I Adding new PCell (cell 1, assoc_id -1)
397224.200654 [RRC]    I activate SRB 1 of UE 1
397224.200663 [NR_RRC] A [DL] (cellID 1, UE ID 1 RNTI c306) Send RRC Setup
397224.200963 [NR_MAC] I UE c306 Generate Msg4: feedback at  739.13, payload 217 bytes, next state nrRA_WAIT_Msg4_MsgB_ACK
397224.207966 [NR_MAC] A  739.13 UE c306: Received Ack of Msg4. CBRA procedure succeeded (UE Connected)
397224.207977 [NR_MAC] I Adding new UE context with RNTI 0xc306
397224.230588 [NR_RRC] A [UL] (cellID 1, UE ID 1 RNTI c306) Received RRCSetupComplete (RRC_CONNECTED reached)
397224.230596 [NGAP]   I Selected PLMN in the NG Initial UE Message: MCC=001 MNC=01
397224.230598 [NGAP]   I GUAMI in NGAP_NAS_FIRST_REQ (UE c306): AMF Set ID 1, Region ID 2, Pointer 0
397224.230618 [NGAP]   D GUAMI is present: MCC=001 MNC=01 RegionID=2 SetID=1 Pointer=0
397224.230625 [NGAP]   I UE 1: Selected AMF 'open5gs-amf0' (assoc_id 1413) through GUAMI MCC=001 MNC=01 AMFRI 2 AMFSI 1 AMFPT 0
397224.230649 [NGAP]   I Create UE context (ID 1) for AMF 'open5gs-amf0' (assoc_id 1413)
397224.239001 [NGAP]   D NGAP_FIND_PROTOCOLIE_BY_ID ie is NULL (searching for ie: 110)
397224.239006 [NGAP]   D NGAP_FIND_PROTOCOLIE_BY_ID ie is NULL (searching for ie: 71)
397224.239008 [NGAP]   D AllowedNSSAI.list.count 1
397224.239009 [NGAP]   D NGAP_FIND_PROTOCOLIE_BY_ID ie is NULL (searching for ie: 36)
397224.239014 [NGAP]   I Initial Context Setup UE RAN ID 1 UE AMF ID 2: 0 PDU session(s)
397224.239021 [NR_RRC] A [--] (cellID 1, UE ID 1 RNTI c306) Selected security algorithms: ciphering 0, integrity 2
397224.239026 [NR_RRC] I [UE c306] Saved security key D8
397224.241557 [NR_RRC] I UE 1 Logical Channel DL-DCCH, Generate SecurityModeCommand (bytes 3)
397224.298016 [NR_RRC] A [UL] (cellID 1, UE ID 1 RNTI c306) Received Security Mode Complete
397224.299067 [NR_RRC] I UE 1: Logical Channel DL-DCCH, Generate NR UECapabilityEnquiry (bytes 8, xid 3)
397224.324010 [NR_RRC] A [UL] (cellID 1, UE ID 1 RNTI c306) Received UE capabilities
397224.324099 [NR_RRC] I Send message to ngap: NGAP_UE_CAPABILITIES_IND
397224.324194 [NR_RRC] A [DL] (cellID 1, UE ID 1 RNTI c306) Send DL Information Transfer [46 bytes]
397224.324203 [NR_RRC] I Send message to sctp: NGAP_InitialContextSetupResponse
397224.352993 [NR_RRC] A [UL] (cellID 1, UE ID 1 RNTI c306) Received RRC UL Information Transfer [13 bytes]
397224.353464 [NR_RRC] A [DL] (cellID 1, UE ID 1 RNTI c306) Send DL Information Transfer [40 bytes]
397224.486966 [NR_MAC] I Frame.Slot 768.0
UE RNTI c306 CU-UE-ID 1 in-sync PH 48 dB PCMAX 22 dBm, average RSRP -71 (6 meas)
UE c306: CQI 15, RI 2, PMI (13,1)
UE c306: dlsch_rounds 9/0/0/0, dlsch_errors 0, pucch0_DTX 0 (SNR 34.7+14.7 dB), BLER 0.22500 MCS (0) 24 CCE fail 0, goodput 0.02 Mbps
UE c306: ulsch_rounds 23/1/0/0, ulsch_errors 0, ulsch_DTX 1, BLER 0.21375 MCS (0) 0 (Qm 2 deltaMCS 0 dB) NPRB 5 SNR 30.4 (+10.4) dB CCE fail 0, goodput 0.01 Mbps
UE c306: LCID 1: TX            158 RX            353 bytes

397224.673012 [NR_RRC] A [UL] (cellID 1, UE ID 1 RNTI c306) Received RRC UL Information Transfer [84 bytes]
397224.680250 [NGAP]   I PDUSESSIONSetup initiating message
397224.680527 [NR_RRC] I UE 1: received PDU Session Resource Setup Request
397224.680532 [NR_RRC] I UE 1: added QoS flow with QFI=1, total number of QoS flows = 1
397224.680534 [NR_RRC] I Added PDU Session 1, (total nb of sessions = 1)
397224.680537 [NR_RRC] I UE 1: created new DRB 1 for QFI 1 (5QI 9)
397224.680538 [NR_RRC] I UE 1: assigned DRB 1 to QFI 1 (5QI 9) in PDU session 1
397224.681511 [NR_RRC] I PDU Session to Setup: PDU Session ID=1, incoming TEID=0x00004f78, Addr=192.168.8.26
397224.681525 [NR_RRC] A [--] (cellID 1, UE ID 1 RNTI c306) selecting CU-UP ID 3584 based on exact NSSAI match (1:0xffffff)
397224.681528 [RRC]    I UE 1 associating to CU-UP assoc_id -1 out of 1 CU-UPs
397224.681552 [E1AP]   I UE 1: set up PDU session ID 1 (1 bearers)
397224.681561 [SDAP]   I Default DRB for the created SDAP entity: DRB 1 
397224.681565 [PDCP]   I Added DRB 1 to UE ID 1
397224.681572 [GTPU]   I N3 GTP-U tunnel: PDUSession=1/UL TEID=0x00004f78
397224.681582 [GTPU]   I [82] UE ID 1: Create tunnel TEID incoming 0x583df703 outgoing 0x4f78 to remote IPv4 192.168.8.26, IPv6 ::, port 2152
397224.681624 [RRC]    I activate SRB 2 of UE 1
397224.682770 [RLC]    I Added srb 2 to UE 49926
397224.683102 [RLC]    I Added drb 1 to UE 49926
397224.683109 [RLC]    I Added DRB to UE 49926
397224.683175 [RRC]    I UE 1 trigger UE context setup request with 1 DRBs
397224.684204 [E1AP]   I UE 1: updating PDU session ID 1 (0 setup, 1 modify bearers)
397224.684212 [PDCP]   I DRB 1 re-established
397224.684346 [NR_RRC] I PDU Session New: status to ESTABLISH for PDU Session 1 
397224.684383 [NR_RRC] A [DL] (cellID 1, UE ID 1 RNTI c306) Generate RRCReconfiguration (bytes 371, xid 2)
397224.684397 [NR_RRC] I Received E1AP Bearer Context Modification Response for UE CU-CP ID 1
397224.684399 [RRC]    I UE 1: PDU session ID 1 modified 1 bearers, setup 0 bearers
397224.718003 [NR_RRC] A [UL] (cellID 1, UE ID 1 RNTI c306) Received RRCReconfigurationComplete
397224.718014 [NR_RRC] I PDU Session Setup: ID=1, outgoing TEID=0x583df703, Addr=192.168.8.199
397224.718015 [NR_RRC] I NGAP_PDUSESSION_SETUP_RESP: sending the message
397224.718030 [NGAP]   D Encoded PDU Session Transfer (1): TEID=0x583df703, Addr=192.168.8.199
397224.718118 [NR_MAC] I DU received confirmation of successful RRC Reconfiguration
397225.766967 [NR_MAC] I Frame.Slot 896.0
UE RNTI c306 CU-UE-ID 1 in-sync PH 64 dB PCMAX 22 dBm, average RSRP -71 (32 meas)
UE c306: CQI 11, RI 4, PMI (7,1)
UE c306: dlsch_rounds 95/17/8/2, dlsch_errors 1, pucch0_DTX 2 (SNR 20.5+0.5 dB), BLER 0.25645 MCS (1) 19 CCE fail 0, goodput 0.78 Mbps
UE c306: ulsch_rounds 166/1/0/0, ulsch_errors 0, ulsch_DTX 1, BLER 0.06708 MCS (1) 8 (Qm 4 deltaMCS 0 dB) NPRB 181 SNR 21.1 (+1.1) dB CCE fail 0, goodput 0.17 Mbps
UE c306: LCID 1: TX            546 RX            480 bytes
UE c306: LCID 2: TX              0 RX              0 bytes
UE c306: LCID 4: TX          38276 RX          11056 bytes

397227.046978 [NR_MAC] I Frame.Slot 0.0
UE RNTI c306 CU-UE-ID 1 in-sync PH 48 dB PCMAX 21 dBm, average RSRP -71 (7 meas)
UE c306: CQI 11, RI 4, PMI (7,1)
UE c306: dlsch_rounds 127/24/10/2, dlsch_errors 1, pucch0_DTX 2 (SNR 20.1+0.1 dB), BLER 0.24440 MCS (1) 19 CCE fail 0, goodput 0.24 Mbps
UE c306: ulsch_rounds 216/1/0/0, ulsch_errors 0, ulsch_DTX 1, BLER 0.02339 MCS (1) 12 (Qm 6 deltaMCS 0 dB) NPRB 5 SNR 21.9 (+1.9) dB CCE fail 0, goodput 0.04 Mbps
UE c306: LCID 1: TX            552 RX            524 bytes
UE c306: LCID 2: TX              0 RX              0 bytes
UE c306: LCID 4: TX          50023 RX          14608 bytes

397228.326963 [NR_MAC] I Frame.Slot 128.0
UE RNTI c306 CU-UE-ID 1 in-sync PH 48 dB PCMAX 22 dBm
UE c306: CQI 11, RI 4, PMI (5,1)
UE c306: dlsch_rounds 135/29/12/2, dlsch_errors 1, pucch0_DTX 2 (SNR 20.0-0.0 dB), BLER 0.38314 MCS (1) 24 CCE fail 0, goodput 0.09 Mbps
UE c306: ulsch_rounds 239/1/0/0, ulsch_errors 0, ulsch_DTX 1, BLER 0.00661 MCS (1) 4 (Qm 2 deltaMCS 0 dB) NPRB 5 SNR 21.7 (+1.7) dB CCE fail 0, goodput 0.01 Mbps
UE c306: LCID 1: TX            555 RX            550 bytes
UE c306: LCID 2: TX              0 RX              0 bytes
UE c306: LCID 4: TX          51130 RX          14747 bytes

397229.606962 [NR_MAC] I Frame.Slot 256.0
UE RNTI c306 CU-UE-ID 1 in-sync PH 48 dB PCMAX 22 dBm
UE c306: CQI 11, RI 4, PMI (6,1)
UE c306: dlsch_rounds 137/31/13/2, dlsch_errors 1, pucch0_DTX 2 (SNR 19.8-0.2 dB), BLER 0.50034 MCS (1) 24 CCE fail 0, goodput 0.03 Mbps
UE c306: ulsch_rounds 256/1/0/0, ulsch_errors 0, ulsch_DTX 1, BLER 0.00168 MCS (1) 0 (Qm 2 deltaMCS 0 dB) NPRB 5 SNR 21.3 (+1.3) dB CCE fail 0, goodput 0.00 Mbps
UE c306: LCID 1: TX            558 RX            572 bytes
UE c306: LCID 2: TX              0 RX              0 bytes
UE c306: LCID 4: TX          51130 RX          14747 bytes

397230.886964 [NR_MAC] I Frame.Slot 384.0
UE RNTI c306 CU-UE-ID 1 in-sync PH 54 dB PCMAX 22 dBm, average RSRP -71 (14 meas)
UE c306: CQI 11, RI 4, PMI (4,1)
UE c306: dlsch_rounds 155/37/13/2, dlsch_errors 1, pucch0_DTX 2 (SNR 19.7-0.3 dB), BLER 0.49636 MCS (1) 24 CCE fail 0, goodput 0.12 Mbps
UE c306: ulsch_rounds 306/1/0/0, ulsch_errors 0, ulsch_DTX 1, BLER 0.00047 MCS (1) 1 (Qm 2 deltaMCS 0 dB) NPRB 20 SNR 21.7 (+1.7) dB CCE fail 0, goodput 0.02 Mbps
UE c306: LCID 1: TX            564 RX            628 bytes
UE c306: LCID 2: TX              0 RX              0 bytes
UE c306: LCID 4: TX          53593 RX          16285 bytes

397232.166963 [NR_MAC] I Frame.Slot 512.0
UE RNTI c306 CU-UE-ID 1 in-sync PH 48 dB PCMAX 22 dBm, average RSRP -71 (32 meas)
UE c306: CQI 11, RI 4, PMI (6,1)
UE c306: dlsch_rounds 157/39/14/2, dlsch_errors 1, pucch0_DTX 2 (SNR 19.8-0.2 dB), BLER 0.59205 MCS (1) 24 CCE fail 0, goodput 0.03 Mbps
UE c306: ulsch_rounds 320/1/0/0, ulsch_errors 0, ulsch_DTX 1, BLER 0.00013 MCS (1) 0 (Qm 2 deltaMCS 0 dB) NPRB 5 SNR 21.3 (+1.3) dB CCE fail 0, goodput 0.00 Mbps
UE c306: LCID 1: TX            567 RX            658 bytes
UE c306: LCID 2: TX              0 RX              0 bytes
UE c306: LCID 4: TX          53593 RX          16285 bytes

397233.446965 [NR_MAC] I Frame.Slot 640.0
UE RNTI c306 CU-UE-ID 1 in-sync PH 48 dB PCMAX 22 dBm, average RSRP -71 (32 meas)
UE c306: CQI 11, RI 4, PMI (6,1)
UE c306: dlsch_rounds 160/42/15/2, dlsch_errors 1, pucch0_DTX 2 (SNR 20.1+0.1 dB), BLER 0.70261 MCS (1) 24 CCE fail 0, goodput 0.03 Mbps
UE c306: ulsch_rounds 338/1/0/0, ulsch_errors 0, ulsch_DTX 1, BLER 0.00003 MCS (1) 0 (Qm 2 deltaMCS 0 dB) NPRB 5 SNR 21.4 (+1.4) dB CCE fail 0, goodput 0.00 Mbps
UE c306: LCID 1: TX            570 RX            680 bytes
UE c306: LCID 2: TX              0 RX              0 bytes
UE c306: LCID 4: TX          53593 RX          16285 bytes

397234.726963 [NR_MAC] I Frame.Slot 768.0
UE RNTI c306 CU-UE-ID 1 in-sync PH 48 dB PCMAX 22 dBm, average RSRP -71 (32 meas)
UE c306: CQI 11, RI 4, PMI (6,1)
UE c306: dlsch_rounds 162/44/15/2, dlsch_errors 1, pucch0_DTX 2 (SNR 20.5+0.5 dB), BLER 0.75911 MCS (1) 24 CCE fail 0, goodput 0.02 Mbps
UE c306: ulsch_rounds 352/1/0/0, ulsch_errors 0, ulsch_DTX 1, BLER 0.00001 MCS (1) 0 (Qm 2 deltaMCS 0 dB) NPRB 5 SNR 21.9 (+1.9) dB CCE fail 0, goodput 0.00 Mbps
UE c306: LCID 1: TX            573 RX            710 bytes
UE c306: LCID 2: TX              0 RX              0 bytes
UE c306: LCID 4: TX          53593 RX          16285 bytes

397236.006964 [NR_MAC] I Frame.Slot 896.0
UE RNTI c306 CU-UE-ID 1 in-sync PH 53 dB PCMAX 22 dBm, average RSRP -71 (32 meas)
UE c306: CQI 11, RI 4, PMI (7,1)
UE c306: dlsch_rounds 165/47/16/2, dlsch_errors 1, pucch0_DTX 2 (SNR 21.0+1.0 dB), BLER 0.82439 MCS (1) 24 CCE fail 0, goodput 0.02 Mbps
UE c306: ulsch_rounds 372/1/0/0, ulsch_errors 0, ulsch_DTX 1, BLER 0.00000 MCS (1) 0 (Qm 2 deltaMCS 0 dB) NPRB 17 SNR 22.0 (+2.0) dB CCE fail 0, goodput 0.00 Mbps
UE c306: LCID 1: TX            579 RX            762 bytes
UE c306: LCID 2: TX              0 RX              0 bytes
UE c306: LCID 4: TX          53593 RX          16285 bytes

397237.286963 [NR_MAC] I Frame.Slot 0.0
UE RNTI c306 CU-UE-ID 1 in-sync PH 48 dB PCMAX 22 dBm, average RSRP -71 (32 meas)
UE c306: CQI 11, RI 4, PMI (5,1)
UE c306: dlsch_rounds 168/50/19/2, dlsch_errors 1, pucch0_DTX 2 (SNR 21.5+1.5 dB), BLER 0.87198 MCS (1) 24 CCE fail 0, goodput 0.04 Mbps
UE c306: ulsch_rounds 389/1/0/0, ulsch_errors 0, ulsch_DTX 1, BLER 0.00000 MCS (1) 0 (Qm 2 deltaMCS 0 dB) NPRB 5 SNR 21.8 (+1.8) dB CCE fail 0, goodput 0.00 Mbps
UE c306: LCID 1: TX            582 RX            784 bytes
UE c306: LCID 2: TX              0 RX              0 bytes
UE c306: LCID 4: TX          53593 RX          16285 bytes

397238.566963 [NR_MAC] I Frame.Slot 128.0
UE RNTI c306 CU-UE-ID 1 in-sync PH 48 dB PCMAX 22 dBm, average RSRP -71 (32 meas)
UE c306: CQI 11, RI 4, PMI (5,1)
UE c306: dlsch_rounds 170/52/21/2, dlsch_errors 1, pucch0_DTX 2 (SNR 21.9+1.9 dB), BLER 0.89631 MCS (1) 24 CCE fail 0, goodput 0.02 Mbps
UE c306: ulsch_rounds 404/1/0/0, ulsch_errors 0, ulsch_DTX 1, BLER 0.00000 MCS (1) 0 (Qm 2 deltaMCS 0 dB) NPRB 5 SNR 21.6 (+1.6) dB CCE fail 0, goodput 0.00 Mbps
UE c306: LCID 1: TX            585 RX            814 bytes
UE c306: LCID 2: TX              0 RX              0 bytes
UE c306: LCID 4: TX          53593 RX          16285 bytes

397239.846964 [NR_MAC] I Frame.Slot 256.0
UE RNTI c306 CU-UE-ID 1 in-sync PH 48 dB PCMAX 22 dBm, average RSRP -71 (32 meas)
UE c306: CQI 11, RI 4, PMI (5,1)
UE c306: dlsch_rounds 172/54/23/2, dlsch_errors 1, pucch0_DTX 2 (SNR 21.1+1.1 dB), BLER 0.91601 MCS (1) 24 CCE fail 0, goodput 0.02 Mbps
UE c306: ulsch_rounds 422/1/0/0, ulsch_errors 0, ulsch_DTX 1, BLER 0.00000 MCS (1) 0 (Qm 2 deltaMCS 0 dB) NPRB 5 SNR 21.5 (+1.5) dB CCE fail 0, goodput 0.00 Mbps
UE c306: LCID 1: TX            588 RX            836 bytes
UE c306: LCID 2: TX              0 RX              0 bytes
UE c306: LCID 4: TX          53593 RX          16285 bytes

397241.126962 [NR_MAC] I Frame.Slot 384.0
UE RNTI c306 CU-UE-ID 1 in-sync PH 56 dB PCMAX 22 dBm, average RSRP -71 (32 meas)
UE c306: CQI 11, RI 4, PMI (5,1)
UE c306: dlsch_rounds 175/57/26/2, dlsch_errors 1, pucch0_DTX 2 (SNR 21.2+1.2 dB), BLER 0.93877 MCS (1) 24 CCE fail 0, goodput 0.02 Mbps
UE c306: ulsch_rounds 441/1/0/0, ulsch_errors 0, ulsch_DTX 1, BLER 0.00000 MCS (1) 0 (Qm 2 deltaMCS 0 dB) NPRB 31 SNR 21.5 (+1.5) dB CCE fail 0, goodput 0.00 Mbps
UE c306: LCID 1: TX            594 RX            888 bytes
UE c306: LCID 2: TX              0 RX              0 bytes
UE c306: LCID 4: TX          53593 RX          16285 bytes

397242.406962 [NR_MAC] I Frame.Slot 512.0
UE RNTI c306 CU-UE-ID 1 in-sync PH 48 dB PCMAX 22 dBm, average RSRP -71 (32 meas)
UE c306: CQI 11, RI 4, PMI (5,1)
UE c306: dlsch_rounds 178/59/26/2, dlsch_errors 1, pucch0_DTX 2 (SNR 21.3+1.3 dB), BLER 0.95040 MCS (1) 19 CCE fail 0, goodput 0.03 Mbps
UE c306: ulsch_rounds 456/1/0/0, ulsch_errors 0, ulsch_DTX 1, BLER 0.00000 MCS (1) 0 (Qm 2 deltaMCS 0 dB) NPRB 5 SNR 22.2 (+2.2) dB CCE fail 0, goodput 0.00 Mbps
UE c306: LCID 1: TX            597 RX            918 bytes
UE c306: LCID 2: TX              0 RX              0 bytes
UE c306: LCID 4: TX          53593 RX          16285 bytes

397243.686962 [NR_MAC] I Frame.Slot 640.0
UE RNTI c306 CU-UE-ID 1 in-sync PH 48 dB PCMAX 22 dBm, average RSRP -71 (32 meas)
UE c306: CQI 11, RI 4, PMI (6,1)
UE c306: dlsch_rounds 180/60/27/2, dlsch_errors 1, pucch0_DTX 2 (SNR 21.4+1.4 dB), BLER 0.90536 MCS (1) 19 CCE fail 0, goodput 0.02 Mbps
UE c306: ulsch_rounds 473/1/0/0, ulsch_errors 0, ulsch_DTX 1, BLER 0.00000 MCS (1) 0 (Qm 2 deltaMCS 0 dB) NPRB 5 SNR 21.9 (+1.9) dB CCE fail 0, goodput 0.00 Mbps
UE c306: LCID 1: TX            600 RX            940 bytes
UE c306: LCID 2: TX              0 RX              0 bytes
UE c306: LCID 4: TX          53593 RX          16285 bytes

397244.966963 [NR_MAC] I Frame.Slot 768.0
UE RNTI c306 CU-UE-ID 1 in-sync PH 48 dB PCMAX 22 dBm, average RSRP -71 (32 meas)
UE c306: CQI 11, RI 4, PMI (5,1)
UE c306: dlsch_rounds 182/61/28/2, dlsch_errors 1, pucch0_DTX 2 (SNR 21.4+1.4 dB), BLER 0.86483 MCS (1) 19 CCE fail 0, goodput 0.01 Mbps
UE c306: ulsch_rounds 488/1/0/0, ulsch_errors 0, ulsch_DTX 1, BLER 0.00000 MCS (1) 0 (Qm 2 deltaMCS 0 dB) NPRB 5 SNR 21.7 (+1.7) dB CCE fail 0, goodput 0.00 Mbps
UE c306: LCID 1: TX            603 RX            970 bytes
UE c306: LCID 2: TX              0 RX              0 bytes
UE c306: LCID 4: TX          53593 RX          16285 bytes

397246.247077 [NR_MAC] I Frame.Slot 896.0
UE RNTI c306 CU-UE-ID 1 in-sync PH 48 dB PCMAX 22 dBm, average RSRP -71 (32 meas)
UE c306: CQI 11, RI 4, PMI (5,1)
UE c306: dlsch_rounds 530/90/30/2, dlsch_errors 1, pucch0_DTX 2 (SNR 21.9+1.9 dB), BLER 0.60723 MCS (1) 19 CCE fail 0, goodput 160.32 Mbps
UE c306: ulsch_rounds 548/1/0/0, ulsch_errors 0, ulsch_DTX 1, BLER 0.00000 MCS (1) 3 (Qm 2 deltaMCS 0 dB) NPRB 5 SNR 22.2 (+2.2) dB CCE fail 0, goodput 0.02 Mbps
UE c306: LCID 1: TX            609 RX           1018 bytes
UE c306: LCID 2: TX              0 RX              0 bytes
UE c306: LCID 4: TX       14905122 RX          17104 bytes

397247.527208 [NR_MAC] I Frame.Slot 0.0
UE RNTI c306 CU-UE-ID 1 in-sync PH 48 dB PCMAX 21 dBm, average RSRP -71 (32 meas)
UE c306: CQI 11, RI 4, PMI (7,0)
UE c306: dlsch_rounds 2500/163/30/2, dlsch_errors 1, pucch0_DTX 2 (SNR 22.0+2.0 dB), BLER 0.18587 MCS (1) 19 CCE fail 0, goodput 472.54 Mbps
UE c306: ulsch_rounds 644/1/0/0, ulsch_errors 0, ulsch_DTX 1, BLER 0.00000 MCS (1) 15 (Qm 6 deltaMCS 0 dB) NPRB 5 SNR 21.1 (+1.1) dB CCE fail 0, goodput 0.03 Mbps
UE c306: LCID 1: TX            612 RX           1040 bytes
UE c306: LCID 2: TX              0 RX              0 bytes
UE c306: LCID 4: TX       96994304 RX          17248 bytes

397248.807242 [NR_MAC] I Frame.Slot 128.0
UE RNTI c306 CU-UE-ID 1 in-sync PH 55 dB PCMAX 18 dBm, average RSRP -71 (32 meas)
UE c306: CQI 11, RI 4, PMI (6,0)
UE c306: dlsch_rounds 4473/237/31/2, dlsch_errors 1, pucch0_DTX 2 (SNR 22.0+2.0 dB), BLER 0.07711 MCS (1) 19 CCE fail 0, goodput 512.86 Mbps
UE c306: ulsch_rounds 738/8/0/0, ulsch_errors 0, ulsch_DTX 1, BLER 0.08692 MCS (1) 27 (Qm 8 deltaMCS 0 dB) NPRB 23 SNR 21.3 (+1.3) dB CCE fail 0, goodput 0.11 Mbps
UE c306: LCID 1: TX            615 RX           1062 bytes
UE c306: LCID 2: TX              0 RX              0 bytes
UE c306: LCID 4: TX      179072880 RX          17395 bytes

397250.087231 [NR_MAC] I Frame.Slot 256.0
UE RNTI c306 CU-UE-ID 1 in-sync PH 48 dB PCMAX 18 dBm, average RSRP -71 (32 meas)
UE c306: CQI 11, RI 4, PMI (6,0)
UE c306: dlsch_rounds 6452/305/31/2, dlsch_errors 1, pucch0_DTX 2 (SNR 22.0+2.0 dB), BLER 0.04224 MCS (1) 19 CCE fail 0, goodput 517.84 Mbps
UE c306: ulsch_rounds 833/47/0/0, ulsch_errors 0, ulsch_DTX 1, BLER 0.26835 MCS (1) 25 (Qm 8 deltaMCS 0 dB) NPRB 5 SNR 21.5 (+1.5) dB CCE fail 0, goodput 0.09 Mbps
UE c306: LCID 1: TX            618 RX           1084 bytes
UE c306: LCID 2: TX              0 RX              0 bytes
UE c306: LCID 4: TX      261151906 RX          17539 bytes

397251.367192 [NR_MAC] I Frame.Slot 384.0
UE RNTI c306 CU-UE-ID 1 in-sync PH 48 dB PCMAX 18 dBm, average RSRP -71 (32 meas)
UE c306: CQI 11, RI 4, PMI (6,0)
UE c306: dlsch_rounds 8449/356/31/2, dlsch_errors 1, pucch0_DTX 2 (SNR 22.0+2.0 dB), BLER 0.03245 MCS (1) 19 CCE fail 0, goodput 518.71 Mbps
UE c306: ulsch_rounds 931/59/0/0, ulsch_errors 0, ulsch_DTX 1, BLER 0.17244 MCS (1) 25 (Qm 8 deltaMCS 0 dB) NPRB 5 SNR 22.0 (+2.0) dB CCE fail 0, goodput 0.08 Mbps
UE c306: LCID 1: TX            624 RX           1128 bytes
UE c306: LCID 2: TX              0 RX              0 bytes
UE c306: LCID 4: TX      343230832 RX          17896 bytes

397252.647199 [NR_MAC] I Frame.Slot 512.0
UE RNTI c306 CU-UE-ID 1 in-sync PH 48 dB PCMAX 18 dBm, average RSRP -71 (32 meas)
UE c306: CQI 11, RI 4, PMI (6,0)
UE c306: dlsch_rounds 10422/427/32/2, dlsch_errors 1, pucch0_DTX 2 (SNR 21.9+1.9 dB), BLER 0.03427 MCS (1) 19 CCE fail 0, goodput 518.91 Mbps
UE c306: ulsch_rounds 1028/82/0/0, ulsch_errors 0, ulsch_DTX 1, BLER 0.22798 MCS (1) 25 (Qm 8 deltaMCS 0 dB) NPRB 5 SNR 21.6 (+1.6) dB CCE fail 0, goodput 0.08 Mbps
UE c306: LCID 1: TX            627 RX           1150 bytes
UE c306: LCID 2: TX              0 RX              0 bytes
UE c306: LCID 4: TX      425310761 RX          18043 bytes

397253.927204 [NR_MAC] I Frame.Slot 640.0
UE RNTI c306 CU-UE-ID 1 in-sync PH 48 dB PCMAX 18 dBm, average RSRP -71 (32 meas)
UE c306: CQI 11, RI 4, PMI (6,0)
UE c306: dlsch_rounds 12410/482/32/2, dlsch_errors 1, pucch0_DTX 2 (SNR 21.9+1.9 dB), BLER 0.03218 MCS (1) 19 CCE fail 0, goodput 518.89 Mbps
UE c306: ulsch_rounds 1124/95/0/0, ulsch_errors 0, ulsch_DTX 1, BLER 0.16580 MCS (1) 25 (Qm 8 deltaMCS 0 dB) NPRB 5 SNR 21.8 (+1.8) dB CCE fail 0, goodput 0.10 Mbps
UE c306: LCID 1: TX            630 RX           1172 bytes
UE c306: LCID 2: TX              0 RX              0 bytes
UE c306: LCID 4: TX      507389347 RX          18187 bytes

397255.207218 [NR_MAC] I Frame.Slot 768.0
UE RNTI c306 CU-UE-ID 1 in-sync PH 55 dB PCMAX 18 dBm, average RSRP -71 (32 meas)
UE c306: CQI 11, RI 4, PMI (5,0)
UE c306: dlsch_rounds 14384/556/32/2, dlsch_errors 1, pucch0_DTX 2 (SNR 21.9+1.9 dB), BLER 0.03557 MCS (1) 19 CCE fail 0, goodput 518.85 Mbps
UE c306: ulsch_rounds 1218/130/0/0, ulsch_errors 0, ulsch_DTX 1, BLER 0.34576 MCS (1) 26 (Qm 8 deltaMCS 0 dB) NPRB 23 SNR 21.2 (+1.2) dB CCE fail 0, goodput 0.14 Mbps
UE c306: LCID 1: TX            633 RX           1194 bytes
UE c306: LCID 2: TX              0 RX              0 bytes
UE c306: LCID 4: TX      589470684 RX          18331 bytes

